[18:39:56] [main/INFO]: Loading Minecraft 26.1.2 with Fabric Loader 0.19.2
[18:39:56] [main/INFO]: Mappings not present!
[18:39:56] [main/INFO]: Loading 4 mods:
	- fabricloader 0.19.2
	   \-- mixinextras 0.5.4
	- java 25
	- minecraft 26.1.2
[18:39:56] [main/INFO]: SpongePowered MIXIN Subsystem Version=0.8.7 Source=file:/workspaces/probable-succotash/servidor_minecraft/libraries/net/fabricmc/sponge-mixin/0.17.2+mixin.0.8.7/sponge-mixin-0.17.2+mixin.0.8.7.jar Service=Knot/Fabric Env=SERVER
[18:40:02] [main/INFO]: Environment: Environment[sessionHost=https://sessionserver.mojang.com, servicesHost=https://api.minecraftservices.com, profilesHost=https://api.mojang.com, name=PROD]
[18:40:03] [Worker-Main-2/INFO]: No existing world data, creating new world
[18:40:03] [main/INFO]: Loaded 1515 recipes
[18:40:03] [main/INFO]: Loaded 1617 advancements
[18:40:04] [Server thread/INFO]: Starting minecraft server version 26.1.2
[18:40:04] [Server thread/INFO]: Loading properties
[18:40:04] [Server thread/INFO]: Default game type: SURVIVAL
[18:40:04] [Server thread/INFO]: Generating keypair
[18:40:04] [Server thread/INFO]: Starting Minecraft server on *:25565
[18:40:05] [Server thread/WARN]: **** SERVER IS RUNNING IN OFFLINE/INSECURE MODE!
[18:40:05] [Server thread/WARN]: The server will make no attempt to authenticate usernames. Beware.
[18:40:05] [Server thread/WARN]: While this makes the game possible to play without internet access, it also opens up the ability for hackers to connect with any username they choose.
[18:40:05] [Server thread/WARN]: To change this, set "online-mode" to "true" in the server.properties file.
[18:40:05] [Server thread/INFO]: Preparing level "world"
[18:40:05] [Server thread/INFO]: Selecting global world spawn...
[18:40:12] [Server thread/INFO]: Loading 0 persistent chunks...
[18:40:12] [Server thread/INFO]: Preparing spawn area: 100%
[18:40:12] [Server thread/INFO]: Time elapsed: 6896 ms
[18:40:12] [Server thread/INFO]: Done (7.403s)! For help, type "help"
[18:40:12] [Server thread/INFO]: Saving chunks for level 'ServerLevel[world]'/minecraft:overworld
[18:40:12] [Server thread/INFO]: Saving chunks for level 'ServerLevel[world]'/minecraft:the_end
[18:40:12] [Server thread/INFO]: Saving chunks for level 'ServerLevel[world]'/minecraft:the_nether
[18:40:12] [Server thread/INFO]: ThreadedAnvilChunkStorage (world): All chunks are saved
[18:40:12] [Server thread/INFO]: ThreadedAnvilChunkStorage (DIM1): All chunks are saved
[18:40:12] [Server thread/INFO]: ThreadedAnvilChunkStorage (DIM-1): All chunks are saved
[18:40:12] [Server thread/INFO]: ThreadedAnvilChunkStorage: All dimensions are saved
[18:41:12] [Server thread/INFO]: Server empty for 60 seconds, pausing
